type octile
height 49
width 49
map
TTTTTTTTTTTTTTTTTTTTTTTTTTTTTTTTTTTTTTTTTTTTTTTTT
TTT............TTTT.TTT...TTTT.TTTT............TT
TT.............TTT........TTT..TTT.............TT
T...............................................T
T...............................................T
T...............................................T
T...............................................T
T.......................TT......................T
T......................TTT......................T
T......................TTT......................T
T...............................................T
T...............................................T
T...............................................T
T...............................................T
T...............................................T
TTT............TTTT............TTTT............TT
TTT............TTTT............TTTT............TT
TTT............TTTT............TTTT............TT
TT.............TTT.............TTT.............TT
TT..............................................T
TT..............................................T
TT..............................................T
TT..............................................T
T...............................................T
T...............................................T
T...............................................T
TT..............................................T
TTT.............................................T
TTT.............................................T
TTT.............................................T
T...............................................T
TTT............TTTT............TTTT............TT
TTT............TTTT............TTTT............TT
TTT............TTTT............TTTT............TT
TT.............TTT.............TTT.............TT
T...............................................T
T...............................................T
T...............................................T
T...............................................T
T...............................................T
T...............................................T
T...............................................T
T...............................................T
T...............................................T
T...............................................T
T...............................................T
T...................TTT...TTT...................T
TTT............TTTT.TTTT..TTTT.TTTT............TT
TTTTTTTTTTTTTTTTTTTTTTTTTTTTTTTTTTTTTTTTTTTTTTTTT

/////////////////////////////////////////////////////////////////////////////////////////////
  article{sturtevant2012benchmarks,
  title={Benchmarks for Grid-Based Pathfinding},
  author={Sturtevant, N.},
  journal={Transactions on Computational Intelligence and AI in Games},
  volume={4},
  number={2},
  pages={144 -- 148},
  year={2012},
  url = {http://web.cs.du.edu/~sturtevant/papers/benchmarks.pdf},
}
/////////////////////////////////////////////////////////////////////////////////////////////
